// Jest Snapshot v1, https://goo.gl/fbAQLP

exports[`matches the snapshot 1`] = `
<DocumentFragment>
  <div
    class="mt-3 text-center jumbotron"
  >
    <h1
      style="font-size: 72px;"
    >
      <strong>
        Jobly
      </strong>
    </h1>
    <h4
      class="my-4"
    >
      Let's get to work.
    </h4>
    <h2>
      Welcome back, !
    </h2>
  </div>
</DocumentFragment>
`;
